src/services/ai.service.ts(173,17): error TS7006: Parameter 'm' implicitly has an 'any' type.
src/services/ai.service.ts(174,14): error TS7006: Parameter 'm' implicitly has an 'any' type.
